[testlinkserver.com/expertupholstery/index.html]
[backblue.gif]
[fade.gif]
[index.html]
[testlinkserver.com/expertupholstery/wp-content/themes/hello-elementor/theme.minb12b.css]
[testlinkserver.com/expertupholstery/wp-content/plugins/elementor/assets/css/frontend-lite.mind5d5.css]
[testlinkserver.com/expertupholstery/wp-content/plugins/essential-addons-for-elementor-lite/assets/front-end/css/view/general.min37ad.css]
[testlinkserver.com/expertupholstery/wp-content/uploads/essential-addons-elementor/eael-59df94.css]
[testlinkserver.com/expertupholstery/feed/index.html]
[testlinkserver.com/expertupholstery/comments/feed/index.html]
[testlinkserver.com/expertupholstery/wp-content/themes/hello-elementor/style.minb12b.css]
[testlinkserver.com/expertupholstery/wp-content/themes/hello-elementor/header-footer.minb12b.css]
[testlinkserver.com/expertupholstery/wp-content/uploads/elementor/css/post-13f835.css]
[testlinkserver.com/expertupholstery/wp-content/uploads/essential-addons-elementor/eael-42df94.css]
[testlinkserver.com/expertupholstery/wp-content/plugins/elementor/assets/lib/swiper/v8/css/swiper.min94a4.css]
[testlinkserver.com/expertupholstery/wp-content/plugins/elementor-pro/assets/css/frontend-lite.min28fc.css]
[testlinkserver.com/expertupholstery/wp-content/uploads/elementor/css/post-42da1d.css]
[testlinkserver.com/expertupholstery/wp-content/uploads/elementor/css/post-59f835.css]
[testlinkserver.com/expertupholstery/wp-content/uploads/elementor/css/post-62f835.css]
[testlinkserver.com/expertupholstery/wp-content/plugins/elementskit-lite/modules/elementskit-icon-pack/assets/css/ekiticons2072.css]
[testlinkserver.com/expertupholstery/wp-content/plugins/elementskit-lite/widgets/init/assets/css/widget-styles2072.css]
[testlinkserver.com/expertupholstery/wp-content/plugins/elementskit-lite/widgets/init/assets/css/responsive2072.css]
[testlinkserver.com/expertupholstery/wp-includes/js/jquery/jquery.minf43b.js]
[testlinkserver.com/expertupholstery/wp-includes/js/jquery/jquery-migrate.min5589.js]
[testlinkserver.com/expertupholstery/wp-json/index.html]
[testlinkserver.com/expertupholstery/wp-json/wp/v2/pages/42.json]
[testlinkserver.com/expertupholstery/xmlrpc0db0.php]
[testlinkserver.com/expertupholstery/wp-json/oembed/1.0/embedd6cf.json]
[testlinkserver.com/expertupholstery/wp-json/oembed/1.0/embed1ee6]
[testlinkserver.com/expertupholstery/wp-content/uploads/2024/06/Image_-150x150.png]
[testlinkserver.com/expertupholstery/wp-content/uploads/2024/06/Image_.png]
[testlinkserver.com/expertupholstery/wp-content/plugins/elementor/assets/css/widget-icon-box.min.css]
[testlinkserver.com/expertupholstery/wp-content/uploads/2024/08/About.jpg]
[testlinkserver.com/expertupholstery/wp-content/plugins/elementor-pro/assets/css/widget-nav-menu.minef44.css]
[testlinkserver.com/expertupholstery/about-us/index.html]
[testlinkserver.com/expertupholstery/wp-content/uploads/2024/08/o.jpg]
[testlinkserver.com/expertupholstery/wp-content/uploads/2024/08/o-1.jpg]
[testlinkserver.com/expertupholstery/wp-content/uploads/2024/08/o-2.jpg]
[testlinkserver.com/expertupholstery/wp-content/uploads/2024/08/o-3.jpg]
[testlinkserver.com/expertupholstery/gallery/index.html]
[testlinkserver.com/expertupholstery/wp-content/uploads/2024/08/l-1.jpg]
[testlinkserver.com/expertupholstery/wp-content/uploads/2024/08/l-2.jpg]
[testlinkserver.com/expertupholstery/wp-content/uploads/2024/08/l-8.jpg]
[testlinkserver.com/expertupholstery/wp-content/uploads/2024/08/348s-7.jpg]
[testlinkserver.com/expertupholstery/contact-us/index.html]
[testlinkserver.com/expertupholstery/wp-content/uploads/2024/08/348s-25.jpg]
[testlinkserver.com/expertupholstery/wp-content/uploads/2024/08/348s-29.jpg]
[testlinkserver.com/expertupholstery/wp-content/uploads/2024/08/l-9.jpg]
[testlinkserver.com/expertupholstery/wp-content/uploads/2024/08/l-6.jpg]
[testlinkserver.com/expertupholstery/wp-content/uploads/2024/08/l-4.jpg]
[testlinkserver.com/expertupholstery/wp-content/uploads/2024/08/348s-3.jpg]
[testlinkserver.com/expertupholstery/wp-content/uploads/2024/08/348s-1.jpg]
[testlinkserver.com/expertupholstery/wp-content/uploads/2024/08/348s-11.jpg]
[testlinkserver.com/expertupholstery/wp-content/uploads/2024/08/348s-9.jpg]
[testlinkserver.com/expertupholstery/wp-content/uploads/2024/08/348s-18.jpg]
[testlinkserver.com/expertupholstery/wp-content/uploads/2024/08/348s-8.jpg]
[testlinkserver.com/expertupholstery/wp-content/uploads/2024/08/348s-23.jpg]
[testlinkserver.com/expertupholstery/wp-content/uploads/2024/08/o-19.jpg]
[testlinkserver.com/expertupholstery/wp-content/uploads/2024/08/o-18.jpg]
[testlinkserver.com/expertupholstery/wp-content/uploads/2024/08/o-20.jpg]
[testlinkserver.com/expertupholstery/wp-content/uploads/2024/08/o-25.jpg]
[testlinkserver.com/expertupholstery/wp-content/uploads/2024/08/o-23.jpg]
[testlinkserver.com/expertupholstery/wp-content/uploads/2024/08/o-22.jpg]
[testlinkserver.com/expertupholstery/wp-content/uploads/2024/08/o-21.jpg]
[testlinkserver.com/expertupholstery/wp-content/uploads/2024/08/o-11.jpg]
[testlinkserver.com/expertupholstery/wp-content/uploads/2024/08/o-10.jpg]
[testlinkserver.com/expertupholstery/wp-content/uploads/2024/08/o-9.jpg]
[testlinkserver.com/expertupholstery/wp-content/uploads/2024/08/o-5.jpg]
[testlinkserver.com/expertupholstery/wp-content/uploads/2024/08/348s-30-1.jpg]
[testlinkserver.com/expertupholstery/wp-content/uploads/2024/08/348s-14.jpg]
[testlinkserver.com/expertupholstery/wp-content/uploads/2024/08/6.png]
[testlinkserver.com/expertupholstery/wp-content/uploads/2024/08/348s-12.jpg]
[testlinkserver.com/expertupholstery/wp-content/uploads/2024/08/o-24.jpg]
[testlinkserver.com/expertupholstery/wp-content/uploads/2024/08/o-16.jpg]
[testlinkserver.com/expertupholstery/wp-content/uploads/2024/08/o-12.jpg]
[testlinkserver.com/expertupholstery/wp-content/uploads/2024/08/o-28.jpg]
[testlinkserver.com/expertupholstery/wp-content/uploads/2024/08/o-6.jpg]
[testlinkserver.com/expertupholstery/wp-content/uploads/2024/08/o-4.jpg]
[testlinkserver.com/expertupholstery/wp-content/uploads/2024/08/o-15.jpg]
[testlinkserver.com/expertupholstery/wp-content/uploads/2024/08/o-14.jpg]
[testlinkserver.com/expertupholstery/wp-content/uploads/2024/08/o-29.jpg]
[testlinkserver.com/expertupholstery/wp-content/uploads/2024/08/o-27.jpg]
[testlinkserver.com/expertupholstery/wp-content/uploads/2024/08/o-26.jpg]
[testlinkserver.com/expertupholstery/wp-content/plugins/elementor/assets/css/widget-icon-list.min.css]
[testlinkserver.com/expertupholstery/wp-content/plugins/elementor/assets/lib/animations/animations.mind5d5.css]
[testlinkserver.com/expertupholstery/wp-content/uploads/elementor/css/post-2097f265.css]
[testlinkserver.com/expertupholstery/wp-content/plugins/elementor/assets/lib/e-gallery/css/e-gallery.min7359.css]
[testlinkserver.com/expertupholstery/wp-content/plugins/essential-addons-for-elementor-lite/assets/front-end/css/view/scroll-to-top.min37ad.css]
[testlinkserver.com/expertupholstery/wp-content/plugins/essential-addons-for-elementor-lite/assets/front-end/js/view/general.min37ad.js]
[testlinkserver.com/expertupholstery/wp-content/uploads/essential-addons-elementor/eael-59df94.js]
[testlinkserver.com/expertupholstery/wp-content/themes/hello-elementor/assets/js/hello-frontend.minb12b.js]
[testlinkserver.com/expertupholstery/wp-content/uploads/essential-addons-elementor/eael-42df94.js]
[testlinkserver.com/expertupholstery/wp-content/plugins/elementskit-lite/widgets/init/assets/js/widget-scripts2072.js]
[testlinkserver.com/expertupholstery/wp-content/plugins/elementor/assets/lib/e-gallery/js/e-gallery.min7359.js]
[testlinkserver.com/expertupholstery/wp-content/plugins/essential-addons-for-elementor-lite/assets/front-end/js/view/scroll-to-top.min37ad.js]
[testlinkserver.com/expertupholstery/wp-content/plugins/elementor-pro/assets/js/webpack-pro.runtime.min28fc.js]
[testlinkserver.com/expertupholstery/wp-content/plugins/elementor/assets/js/webpack.runtime.mind5d5.js]
[testlinkserver.com/expertupholstery/wp-content/plugins/elementor/assets/js/frontend-modules.mind5d5.js]
[testlinkserver.com/expertupholstery/wp-includes/js/dist/hooks.min2757.js]
[testlinkserver.com/expertupholstery/wp-includes/js/dist/i18n.minc33c.js]
[testlinkserver.com/expertupholstery/wp-content/plugins/elementor-pro/assets/js/frontend.min28fc.js]
[testlinkserver.com/expertupholstery/wp-content/plugins/elementor/assets/lib/waypoints/waypoints.min05da.js]
[testlinkserver.com/expertupholstery/wp-includes/js/jquery/ui/core.minb37e.js]
[testlinkserver.com/expertupholstery/wp-content/plugins/elementor/assets/js/frontend.mind5d5.js]
[testlinkserver.com/expertupholstery/wp-content/plugins/elementor-pro/assets/js/elements-handlers.min28fc.js]
[testlinkserver.com/expertupholstery/wp-content/plugins/elementskit-lite/widgets/init/assets/js/animate-circle.min2072.js]
[testlinkserver.com/expertupholstery/index.html]
[testlinkserver.com/expertupholstery/wp-content/themes/hello-elementor/theme.minb12b.css]
[testlinkserver.com/expertupholstery/wp-content/plugins/elementskit-lite/widgets/init/assets/js/elementor2072.js]
[testlinkserver.com/expertupholstery/wp-content/plugins/elementor/assets/css/frontend-lite.mind5d5.css]
[testlinkserver.com/expertupholstery/wp-content/plugins/essential-addons-for-elementor-lite/assets/front-end/css/view/general.min37ad.css]
[testlinkserver.com/expertupholstery/wp-content/uploads/essential-addons-elementor/eael-59df94.css]
[testlinkserver.com/expertupholstery/wp-content/themes/hello-elementor/style.minb12b.css]
[testlinkserver.com/expertupholstery/wp-content/themes/hello-elementor/header-footer.minb12b.css]
[testlinkserver.com/expertupholstery/wp-content/uploads/elementor/css/post-13f835.css]
[testlinkserver.com/expertupholstery/wp-content/uploads/essential-addons-elementor/eael-42df94.css]
[testlinkserver.com/expertupholstery/wp-content/plugins/elementor/assets/lib/swiper/v8/css/swiper.min94a4.css]
[testlinkserver.com/expertupholstery/wp-content/plugins/elementor-pro/assets/css/frontend-lite.min28fc.css]
[testlinkserver.com/expertupholstery/wp-content/uploads/2024/08/Group_.png]
[testlinkserver.com/expertupholstery/wp-content/uploads/2024/08/EXPERT-UPHOLSTERY-WORKS-LLC-01_02-1-scaled.jpg]
[testlinkserver.com/expertupholstery/wp-content/uploads/elementor/css/post-42da1d.css]
[testlinkserver.com/expertupholstery/wp-content/uploads/elementor/css/post-59f835.css]
[testlinkserver.com/expertupholstery/wp-content/uploads/2024/06/EXPERT-UPHOLSTERY-WORKS-LLC-01_03-scaled.jpg]
[testlinkserver.com/expertupholstery/wp-content/uploads/elementor/css/post-62f835.css]
[testlinkserver.com/expertupholstery/wp-content/plugins/elementskit-lite/modules/elementskit-icon-pack/assets/css/ekiticons2072.css]
[testlinkserver.com/expertupholstery/wp-content/plugins/elementskit-lite/modules/elementskit-icon-pack/assets/fonts/elementskit97ac.woff]
[testlinkserver.com/expertupholstery/wp-content/plugins/elementskit-lite/widgets/init/assets/img/arrow.png]
[testlinkserver.com/expertupholstery/wp-content/plugins/elementskit-lite/widgets/init/assets/img/sort_asc.png]
[testlinkserver.com/expertupholstery/wp-content/plugins/elementskit-lite/widgets/init/assets/img/sort_desc.png]
[testlinkserver.com/expertupholstery/wp-content/plugins/elementskit-lite/widgets/init/assets/img/sort_asc_disabled.png]
[testlinkserver.com/expertupholstery/wp-content/plugins/elementskit-lite/widgets/init/assets/css/widget-styles2072.css]
[testlinkserver.com/expertupholstery/wp-content/plugins/elementskit-lite/widgets/init/assets/css/responsive2072.css]
[testlinkserver.com/expertupholstery/wp-includes/js/jquery/jquery.minf43b.js]
[testlinkserver.com/expertupholstery/wp-includes/js/jquery/jquery-migrate.min5589.js]
[testlinkserver.com/expertupholstery/wp-content/uploads/essential-addons-elementor/eael-594f6c.css]
[testlinkserver.com/expertupholstery/wp-content/uploads/elementor/css/post-1655e234.css]
[testlinkserver.com/expertupholstery/wp-json/wp/v2/pages/1655.json]
[testlinkserver.com/expertupholstery/wp-json/oembed/1.0/embedca6e.json]
[testlinkserver.com/expertupholstery/wp-json/oembed/1.0/embed5de9]
[testlinkserver.com/expertupholstery/wp-content/uploads/essential-addons-elementor/eael-594f6c.js]
[testlinkserver.com/expertupholstery/about-us/index.html]
[testlinkserver.com/expertupholstery/wp-content/uploads/essential-addons-elementor/eael-5969c5.css]
[testlinkserver.com/expertupholstery/wp-content/uploads/elementor/css/post-16837f1b.css]
[testlinkserver.com/expertupholstery/wp-json/wp/v2/pages/1683.json]
[testlinkserver.com/expertupholstery/wp-json/oembed/1.0/embed596c.json]
[testlinkserver.com/expertupholstery/wp-json/oembed/1.0/embed58c5]
[testlinkserver.com/expertupholstery/wp-content/uploads/2024/08/Clip-Group_.png]
[testlinkserver.com/expertupholstery/wp-content/uploads/2024/08/252.png]
[testlinkserver.com/expertupholstery/wp-content/uploads/2024/08/2.png]
[testlinkserver.com/expertupholstery/wp-content/uploads/2024/08/5.png]
[testlinkserver.com/expertupholstery/wp-content/uploads/2024/08/8.png]
[testlinkserver.com/expertupholstery/wp-content/uploads/2024/08/3.png]
[testlinkserver.com/expertupholstery/wp-content/uploads/2024/08/4.png]
[testlinkserver.com/expertupholstery/wp-content/uploads/2024/08/7.png]
[testlinkserver.com/expertupholstery/wp-content/uploads/essential-addons-elementor/eael-5969c5.js]
[testlinkserver.com/expertupholstery/gallery/index.html]
[testlinkserver.com/expertupholstery/wp-content/uploads/essential-addons-elementor/eael-5932ac.css]
[testlinkserver.com/expertupholstery/wp-content/uploads/elementor/css/post-16945606.css]
[testlinkserver.com/expertupholstery/wp-json/wp/v2/pages/1694.json]
[testlinkserver.com/expertupholstery/wp-json/oembed/1.0/embed009c.json]
[testlinkserver.com/expertupholstery/wp-json/oembed/1.0/embed4138]
[testlinkserver.com/expertupholstery/wp-content/uploads/essential-addons-elementor/eael-5932ac.js]
[testlinkserver.com/expertupholstery/contact-us/index.html]
[testlinkserver.com/expertupholstery/wp-content/plugins/elementor/assets/css/widget-icon-box.min.css]
[testlinkserver.com/expertupholstery/wp-content/plugins/elementor-pro/assets/css/widget-nav-menu.minef44.css]
[testlinkserver.com/expertupholstery/wp-content/plugins/elementor/assets/css/widget-icon-list.min.css]
[testlinkserver.com/expertupholstery/wp-content/plugins/elementor/assets/lib/animations/animations.mind5d5.css]
[testlinkserver.com/expertupholstery/wp-content/uploads/elementor/css/post-2097f265.css]
[testlinkserver.com/expertupholstery/wp-content/plugins/elementor/assets/lib/e-gallery/css/e-gallery.min7359.css]
[testlinkserver.com/expertupholstery/wp-content/plugins/essential-addons-for-elementor-lite/assets/front-end/css/view/scroll-to-top.min37ad.css]
[testlinkserver.com/expertupholstery/e]
[testlinkserver.com/expertupholstery/wp-content/plugins/essential-addons-for-elementor-lite/assets/front-end/js/view/general.min37ad.js]
[testlinkserver.com/expertupholstery/wp-content/uploads/essential-addons-elementor/eael-59df94.js]
[testlinkserver.com/expertupholstery/wp-content/themes/hello-elementor/assets/js/hello-frontend.minb12b.js]
[testlinkserver.com/expertupholstery/wp-content/uploads/essential-addons-elementor/eael-42df94.js]
[testlinkserver.com/expertupholstery/wp-content/plugins/elementskit-lite/libs/framework/assets/js/frontend-script2072.js]
[testlinkserver.com/expertupholstery/wp-content/plugins/elementskit-lite/widgets/init/assets/js/widget-scripts2072.js]
[testlinkserver.com/expertupholstery/wp-content/plugins/elementor/assets/lib/e-gallery/js/e-gallery.min7359.js]
[testlinkserver.com/expertupholstery/wp-content/plugins/essential-addons-for-elementor-lite/assets/front-end/js/view/scroll-to-top.min37ad.js]
[testlinkserver.com/expertupholstery/wp-content/plugins/elementor-pro/assets/js/webpack-pro.runtime.min28fc.js]
[testlinkserver.com/expertupholstery/wp-content/plugins/elementor/assets/js/webpack.runtime.mind5d5.js]
[testlinkserver.com/expertupholstery/wp-content/plugins/elementor/assets/js/frontend-modules.mind5d5.js]
[testlinkserver.com/expertupholstery/wp-includes/js/dist/hooks.min2757.js]
[testlinkserver.com/expertupholstery/wp-includes/js/dist/i18n.minc33c.js]
[testlinkserver.com/expertupholstery/wp-content/plugins/elementor-pro/assets/js/frontend.min28fc.js]
[testlinkserver.com/expertupholstery/wp-content/plugins/elementor/assets/lib/waypoints/waypoints.min05da.js]
[testlinkserver.com/expertupholstery/wp-includes/js/jquery/ui/core.minb37e.js]
[testlinkserver.com/expertupholstery/-negative.svg]
[testlinkserver.com/expertupholstery/wp-content/plugins/elementor/assets/js/frontend.mind5d5.js]
[testlinkserver.com/expertupholstery/OPR/index.html]
[testlinkserver.com/expertupholstery/window.location.href]
[testlinkserver.com/expertupholstery/wp-content/plugins/elementor-pro/assets/js/elements-handlers.min28fc.js]
[testlinkserver.com/expertupholstery/wp-content/plugins/elementskit-lite/widgets/init/assets/js/animate-circle.min2072.js]
[testlinkserver.com/expertupholstery/wp-content/plugins/elementskit-lite/widgets/init/assets/js/elementor2072.js]
[testlinkserver.com/expertupholstery/wp-content/plugins/elementskit-lite/widgets/init/assets/img/cross-out.svg]
[testlinkserver.com/expertupholstery/wp-content/uploads/essential-addons-elementor/eael-594f6c.css]
[testlinkserver.com/expertupholstery/wp-content/uploads/elementor/css/post-1655e234.css]
[testlinkserver.com/expertupholstery/index4f68.html]
[testlinkserver.com/expertupholstery/wp-content/uploads/essential-addons-elementor/eael-594f6c.js]
[testlinkserver.com/expertupholstery/wp-content/uploads/essential-addons-elementor/eael-5969c5.css]
[testlinkserver.com/expertupholstery/wp-content/uploads/elementor/css/post-16837f1b.css]
[testlinkserver.com/expertupholstery/index1762.html]
[testlinkserver.com/expertupholstery/wp-content/uploads/essential-addons-elementor/eael-5969c5.js]
[testlinkserver.com/expertupholstery/wp-content/uploads/essential-addons-elementor/eael-5932ac.css]
[testlinkserver.com/expertupholstery/wp-content/uploads/elementor/css/post-16945606.css]
[testlinkserver.com/expertupholstery/index320d.html]
[testlinkserver.com/expertupholstery/wp-content/uploads/essential-addons-elementor/eael-5932ac.js]
[testlinkserver.com/expertupholstery/e.html]
[testlinkserver.com/expertupholstery/-negative.html]
[testlinkserver.com/expertupholstery/OPR/index.html]
[testlinkserver.com/expertupholstery/window.location.html]
